// Jest Snapshot v1, https://goo.gl/fbAQLP

exports[`Basic Keypad Functionality Renders correctly 1`] = `
Array [
  <div
    className="Button"
  >
    <button>
      0
    </button>
  </div>,
  <div
    className="Button"
  >
    <button>
      1
    </button>
  </div>,
  <div
    className="Button"
  >
    <button>
      2
    </button>
  </div>,
  <div
    className="Button"
  >
    <button>
      3
    </button>
  </div>,
  <div
    className="Button"
  >
    <button>
      4
    </button>
  </div>,
  <div
    className="Button"
  >
    <button>
      5
    </button>
  </div>,
  <div
    className="Button"
  >
    <button>
      6
    </button>
  </div>,
  <div
    className="Button"
  >
    <button>
      7
    </button>
  </div>,
  <div
    className="Button"
  >
    <button>
      8
    </button>
  </div>,
  <div
    className="Button"
  >
    <button>
      9
    </button>
  </div>,
]
`;
