// Jest Snapshot v1, https://goo.gl/fbAQLP

exports[`Basic Keypad Functionality Renders correctly 1`] = `
Array [
  <div
    className="Button"
  >
    <button
      onClick={[Function]}
      value={7}
    >
      7
    </button>
  </div>,
  <div
    className="Button"
  >
    <button
      onClick={[Function]}
      value={8}
    >
      8
    </button>
  </div>,
  <div
    className="Button"
  >
    <button
      onClick={[Function]}
      value={9}
    >
      9
    </button>
  </div>,
  <div
    className="Button"
  >
    <button
      className="operation"
      onClick={[Function]}
      value="DIVIDE"
    >
      ÷
    </button>
  </div>,
  <div
    className="Button"
  >
    <button
      onClick={[Function]}
      value={4}
    >
      4
    </button>
  </div>,
  <div
    className="Button"
  >
    <button
      onClick={[Function]}
      value={5}
    >
      5
    </button>
  </div>,
  <div
    className="Button"
  >
    <button
      onClick={[Function]}
      value={6}
    >
      6
    </button>
  </div>,
  <div
    className="Button"
  >
    <button
      className="operation"
      onClick={[Function]}
      value="MULTIPLY"
    >
      ×
    </button>
  </div>,
  <div
    className="Button"
  >
    <button
      onClick={[Function]}
      value={1}
    >
      1
    </button>
  </div>,
  <div
    className="Button"
  >
    <button
      onClick={[Function]}
      value={2}
    >
      2
    </button>
  </div>,
  <div
    className="Button"
  >
    <button
      onClick={[Function]}
      value={3}
    >
      3
    </button>
  </div>,
  <div
    className="Button"
  >
    <button
      className="operation"
      onClick={[Function]}
      value="SUBTRACT"
    >
      −
    </button>
  </div>,
  <div
    className="Button"
  >
    <button
      onClick={[Function]}
      value={0}
    >
      0
    </button>
  </div>,
  <div
    className="Button"
  >
    <button
      className="calculate"
      onClick={[Function]}
      value="EQUAL"
    >
      =
    </button>
  </div>,
]
`;
